run directory: /tmp/llte-run-PFEqS7
messages=400000 drop-rate=0.02 rate=200000 batch=1 pin=1

───────────────────────────── exchange ─────────────────────────────
exchange: publishing 400000 messages to 239.1.1.1:30001 (batch=1, drop-rate=0.0200)
exchange: recovery server listening on port 30002
exchange: published 400000 messages in 2.000 s (200000 msg/s)
exchange: packets sent=392009 dropped=7991 (messages dropped=7991)
exchange: book best_bid=18749 best_ask=18751 live_orders=178442
exchange: recovery served 7799 requests / 9933 messages

───────────────────────────── handler ─────────────────────────────
handler: listening on 239.1.1.1:30001, publishing to shm /llte_feed
handler: packets=390067 published=400000 malformed=0 queue_full_spins=0
handler: gaps=7799 missing=9933 recovery_requests=7799 recovered=9933 unrecoverable=0 duplicates=0
handler: throughput 200027 msg/s

───────────────────────────── engine ─────────────────────────────
engine: attached to /llte_feed, draining events

engine: consumed 400000 events (9933 arrived via TCP recovery)
engine: applied=400000 unknown_order=0 duplicate=0 out_of_band=0
engine: best_bid=18749 best_ask=18751 spread=2 live_orders=178442
engine: consumer throughput 200027 msg/s

Per-stage latency (microseconds)
stage                           count       p50       p90       p95       p99     p99.9       max
-------------------------- ---------- --------- --------- --------- --------- --------- ---------
udp recv -> parsed             400000    0.025u    0.032u    0.034u    0.040u    8.803u   14.892u
parsed -> enqueue              400000    0.055u    0.061u    0.066u   16.214u   18.921u 4483.061u
ring transit                   400000    0.357u    0.389u    0.467u   12.544u  158.290u 1067.843u
book update                    400000    0.160u    0.303u    0.371u    0.487u    0.659u   18.860u
recv -> book (handler)         400000    0.596u    0.779u    0.950u   18.740u  172.222u 4484.501u
exchange -> book (wire)        400000    5.558u    6.774u   22.748u 1728.013u 3804.297u 4486.374u

